// Jest Snapshot v1, https://goo.gl/fbAQLP

exports[`Render Order Navigator 1`] = `ShallowWrapper {}`;
