// Jest Snapshot v1, https://goo.gl/fbAQLP

exports[`Render Foods 1`] = `ShallowWrapper {}`;
