// Jest Snapshot v1, https://goo.gl/fbAQLP

exports[`Render PageHeaderNav 1`] = `
<nav
  className="page-header__nav main-nav"
>
  <ul
    className="main-nav__menu main-menu"
  >
    <li
      className="main-menu__item"
    >
      <a
        href="#"
        title="Заказ еды"
      >
        Заказ еды
      </a>
      <ul
        className="main-menu__sub-menu sub-menu"
      >
        <li
          className="sub-menu__item"
        >
          <a
            href="catering.html"
            title="Кейтеринг"
          >
            Кейтеринг
          </a>
        </li>
        <li
          className="sub-menu__item"
        >
          <a
            href="online-cooking.html"
            title="Онлайн кулинария"
          >
            Онлайн кулинария
          </a>
        </li>
        <li
          className="sub-menu__item"
        >
          <a
            href="foods.html"
            title="Заказ продуктов"
          >
            Заказ продуктов
          </a>
        </li>
      </ul>
    </li>
    <li
      className="main-menu__item"
    >
      <a
        href="#"
        title="Бизнесу"
      >
        Бизнесу
      </a>
      <ul
        className="main-menu__sub-menu sub-menu"
      >
        <li
          className="sub-menu__item"
        >
          <a
            href="#"
            title="Доставка еды"
          >
            Доставка еды
          </a>
        </li>
        <li
          className="sub-menu__item"
        >
          <a
            href="#"
            title="Стань партнером"
          >
            Стань партнером
          </a>
        </li>
      </ul>
    </li>
    <li
      className="main-menu__item"
    >
      <a
        href="#"
        title="О нас"
      >
        О нас
      </a>
    </li>
  </ul>
</nav>
`;
