// Jest Snapshot v1, https://goo.gl/fbAQLP

exports[`Render Online Cooking 1`] = `ShallowWrapper {}`;
