// Jest Snapshot v1, https://goo.gl/fbAQLP

exports[`Render Cart 1`] = `ShallowWrapper {}`;
